// Jest Snapshot v1, https://goo.gl/fbAQLP

exports[`"PageHeader" Component Should render correctly 1`] = `
ShallowWrapper {
  Symbol(enzyme.__root__): [Circular],
  Symbol(enzyme.__unrendered__): <PageHeader
    headerText="Graphic Request"
/>,
  Symbol(enzyme.__renderer__): Object {
    "batchedUpdates": [Function],
    "getNode": [Function],
    "render": [Function],
    "simulateError": [Function],
    "simulateEvent": [Function],
    "unmount": [Function],
  },
  Symbol(enzyme.__node__): Object {
    "instance": null,
    "key": undefined,
    "nodeType": "host",
    "props": Object {
      "children": Array [
        <img
          alt="arcadia-logo.png"
          className="arcadia-logo"
          src="arcadia-logo.png"
          title="Arcadia logo"
/>,
        <h1>
          Graphic Request
</h1>,
        <img
          alt="react-logo.svg"
          className="react-logo"
          src="react-logo.svg"
          title="React logo"
/>,
      ],
    },
    "ref": null,
    "rendered": Array [
      Object {
        "instance": null,
        "key": undefined,
        "nodeType": "host",
        "props": Object {
          "alt": "arcadia-logo.png",
          "className": "arcadia-logo",
          "src": "arcadia-logo.png",
          "title": "Arcadia logo",
        },
        "ref": null,
        "rendered": null,
        "type": "img",
      },
      Object {
        "instance": null,
        "key": undefined,
        "nodeType": "host",
        "props": Object {
          "children": "Graphic Request",
        },
        "ref": null,
        "rendered": "Graphic Request",
        "type": "h1",
      },
      Object {
        "instance": null,
        "key": undefined,
        "nodeType": "host",
        "props": Object {
          "alt": "react-logo.svg",
          "className": "react-logo",
          "src": "react-logo.svg",
          "title": "React logo",
        },
        "ref": null,
        "rendered": null,
        "type": "img",
      },
    ],
    "type": "header",
  },
  Symbol(enzyme.__nodes__): Array [
    Object {
      "instance": null,
      "key": undefined,
      "nodeType": "host",
      "props": Object {
        "children": Array [
          <img
            alt="arcadia-logo.png"
            className="arcadia-logo"
            src="arcadia-logo.png"
            title="Arcadia logo"
/>,
          <h1>
            Graphic Request
</h1>,
          <img
            alt="react-logo.svg"
            className="react-logo"
            src="react-logo.svg"
            title="React logo"
/>,
        ],
      },
      "ref": null,
      "rendered": Array [
        Object {
          "instance": null,
          "key": undefined,
          "nodeType": "host",
          "props": Object {
            "alt": "arcadia-logo.png",
            "className": "arcadia-logo",
            "src": "arcadia-logo.png",
            "title": "Arcadia logo",
          },
          "ref": null,
          "rendered": null,
          "type": "img",
        },
        Object {
          "instance": null,
          "key": undefined,
          "nodeType": "host",
          "props": Object {
            "children": "Graphic Request",
          },
          "ref": null,
          "rendered": "Graphic Request",
          "type": "h1",
        },
        Object {
          "instance": null,
          "key": undefined,
          "nodeType": "host",
          "props": Object {
            "alt": "react-logo.svg",
            "className": "react-logo",
            "src": "react-logo.svg",
            "title": "React logo",
          },
          "ref": null,
          "rendered": null,
          "type": "img",
        },
      ],
      "type": "header",
    },
  ],
  Symbol(enzyme.__options__): Object {
    "adapter": ReactSixteenAdapter {
      "options": Object {
        "enableComponentDidUpdateOnSetState": true,
        "lifecycles": Object {
          "componentDidUpdate": Object {
            "onSetState": true,
          },
          "getDerivedStateFromProps": true,
          "getSnapshotBeforeUpdate": true,
          "setState": Object {
            "skipsComponentDidUpdateOnNullish": true,
          },
        },
      },
    },
    "attachTo": undefined,
    "hydrateIn": undefined,
  },
}
`;
